Analysis & Synthesis report for processador
Wed Feb 17 18:46:01 2021
Quartus Prime Version 18.0.0 Build 614 04/24/2018 SJ Lite Edition


---------------------
; Table of Contents ;
---------------------
  1. Legal Notice
  2. Analysis & Synthesis Summary
  3. Analysis & Synthesis Settings
  4. Parallel Compilation
  5. Analysis & Synthesis Source Files Read
  6. Analysis & Synthesis Resource Usage Summary
  7. Analysis & Synthesis Resource Utilization by Entity
  8. Analysis & Synthesis RAM Summary
  9. State Machine - |in_out_module|input_state
 10. State Machine - |in_out_module|output_state
 11. General Register Statistics
 12. Registers Packed Into Inferred Megafunctions
 13. Multiplexer Restructuring Statistics (Restructuring Performed)
 14. Source assignments for disk_controller:disk_controller|altsyncram:values_rtl_0|altsyncram_4pd1:auto_generated
 15. Parameter Settings for User Entity Instance: Top-level Entity: |in_out_module
 16. Parameter Settings for User Entity Instance: clk_divisor:clk_divisor
 17. Parameter Settings for Inferred Entity Instance: disk_controller:disk_controller|altsyncram:values_rtl_0
 18. altsyncram Parameter Settings by Entity Instance
 19. Port Connectivity Checks: "clk_divisor:clk_divisor"
 20. Post-Synthesis Netlist Statistics for Top Partition
 21. Elapsed Time Per Partition
 22. Analysis & Synthesis Messages
 23. Analysis & Synthesis Suppressed Messages



----------------
; Legal Notice ;
----------------
Copyright (C) 2018  Intel Corporation. All rights reserved.
Your use of Intel Corporation's design tools, logic functions 
and other software and tools, and its AMPP partner logic 
functions, and any output files from any of the foregoing 
(including device programming or simulation files), and any 
associated documentation or information are expressly subject 
to the terms and conditions of the Intel Program License 
Subscription Agreement, the Intel Quartus Prime License Agreement,
the Intel FPGA IP License Agreement, or other applicable license
agreement, including, without limitation, that your use is for
the sole purpose of programming logic devices manufactured by
Intel and sold by Intel or its authorized distributors.  Please
refer to the applicable agreement for further details.



+----------------------------------------------------------------------------------+
; Analysis & Synthesis Summary                                                     ;
+------------------------------------+---------------------------------------------+
; Analysis & Synthesis Status        ; Successful - Wed Feb 17 18:46:01 2021       ;
; Quartus Prime Version              ; 18.0.0 Build 614 04/24/2018 SJ Lite Edition ;
; Revision Name                      ; processador                                 ;
; Top-level Entity Name              ; in_out_module                               ;
; Family                             ; Cyclone IV E                                ;
; Total logic elements               ; 988                                         ;
;     Total combinational functions  ; 986                                         ;
;     Dedicated logic registers      ; 172                                         ;
; Total registers                    ; 172                                         ;
; Total pins                         ; 379                                         ;
; Total virtual pins                 ; 0                                           ;
; Total memory bits                  ; 480                                         ;
; Embedded Multiplier 9-bit elements ; 0                                           ;
; Total PLLs                         ; 0                                           ;
+------------------------------------+---------------------------------------------+


+------------------------------------------------------------------------------------------------------------+
; Analysis & Synthesis Settings                                                                              ;
+------------------------------------------------------------------+--------------------+--------------------+
; Option                                                           ; Setting            ; Default Value      ;
+------------------------------------------------------------------+--------------------+--------------------+
; Device                                                           ; EP4CE115F29C7      ;                    ;
; Top-level entity name                                            ; in_out_module      ; processador        ;
; Family name                                                      ; Cyclone IV E       ; Cyclone V          ;
; Use smart compilation                                            ; Off                ; Off                ;
; Enable parallel Assembler and Timing Analyzer during compilation ; On                 ; On                 ;
; Enable compact report table                                      ; Off                ; Off                ;
; Restructure Multiplexers                                         ; Auto               ; Auto               ;
; Create Debugging Nodes for IP Cores                              ; Off                ; Off                ;
; Preserve fewer node names                                        ; On                 ; On                 ;
; Intel FPGA IP Evaluation Mode                                    ; Enable             ; Enable             ;
; Verilog Version                                                  ; Verilog_2001       ; Verilog_2001       ;
; VHDL Version                                                     ; VHDL_1993          ; VHDL_1993          ;
; State Machine Processing                                         ; Auto               ; Auto               ;
; Safe State Machine                                               ; Off                ; Off                ;
; Extract Verilog State Machines                                   ; On                 ; On                 ;
; Extract VHDL State Machines                                      ; On                 ; On                 ;
; Ignore Verilog initial constructs                                ; Off                ; Off                ;
; Iteration limit for constant Verilog loops                       ; 5000               ; 5000               ;
; Iteration limit for non-constant Verilog loops                   ; 250                ; 250                ;
; Add Pass-Through Logic to Inferred RAMs                          ; On                 ; On                 ;
; Infer RAMs from Raw Logic                                        ; On                 ; On                 ;
; Parallel Synthesis                                               ; On                 ; On                 ;
; DSP Block Balancing                                              ; Auto               ; Auto               ;
; NOT Gate Push-Back                                               ; On                 ; On                 ;
; Power-Up Don't Care                                              ; On                 ; On                 ;
; Remove Redundant Logic Cells                                     ; Off                ; Off                ;
; Remove Duplicate Registers                                       ; On                 ; On                 ;
; Ignore CARRY Buffers                                             ; Off                ; Off                ;
; Ignore CASCADE Buffers                                           ; Off                ; Off                ;
; Ignore GLOBAL Buffers                                            ; Off                ; Off                ;
; Ignore ROW GLOBAL Buffers                                        ; Off                ; Off                ;
; Ignore LCELL Buffers                                             ; Off                ; Off                ;
; Ignore SOFT Buffers                                              ; On                 ; On                 ;
; Limit AHDL Integers to 32 Bits                                   ; Off                ; Off                ;
; Optimization Technique                                           ; Balanced           ; Balanced           ;
; Carry Chain Length                                               ; 70                 ; 70                 ;
; Auto Carry Chains                                                ; On                 ; On                 ;
; Auto Open-Drain Pins                                             ; On                 ; On                 ;
; Perform WYSIWYG Primitive Resynthesis                            ; Off                ; Off                ;
; Auto ROM Replacement                                             ; On                 ; On                 ;
; Auto RAM Replacement                                             ; On                 ; On                 ;
; Auto DSP Block Replacement                                       ; On                 ; On                 ;
; Auto Shift Register Replacement                                  ; Auto               ; Auto               ;
; Allow Shift Register Merging across Hierarchies                  ; Auto               ; Auto               ;
; Auto Clock Enable Replacement                                    ; On                 ; On                 ;
; Strict RAM Replacement                                           ; Off                ; Off                ;
; Allow Synchronous Control Signals                                ; On                 ; On                 ;
; Force Use of Synchronous Clear Signals                           ; Off                ; Off                ;
; Auto RAM Block Balancing                                         ; On                 ; On                 ;
; Auto RAM to Logic Cell Conversion                                ; Off                ; Off                ;
; Auto Resource Sharing                                            ; Off                ; Off                ;
; Allow Any RAM Size For Recognition                               ; Off                ; Off                ;
; Allow Any ROM Size For Recognition                               ; Off                ; Off                ;
; Allow Any Shift Register Size For Recognition                    ; Off                ; Off                ;
; Use LogicLock Constraints during Resource Balancing              ; On                 ; On                 ;
; Ignore translate_off and synthesis_off directives                ; Off                ; Off                ;
; Timing-Driven Synthesis                                          ; On                 ; On                 ;
; Report Parameter Settings                                        ; On                 ; On                 ;
; Report Source Assignments                                        ; On                 ; On                 ;
; Report Connectivity Checks                                       ; On                 ; On                 ;
; Ignore Maximum Fan-Out Assignments                               ; Off                ; Off                ;
; Synchronization Register Chain Length                            ; 2                  ; 2                  ;
; Power Optimization During Synthesis                              ; Normal compilation ; Normal compilation ;
; HDL message level                                                ; Level2             ; Level2             ;
; Suppress Register Optimization Related Messages                  ; Off                ; Off                ;
; Number of Removed Registers Reported in Synthesis Report         ; 5000               ; 5000               ;
; Number of Swept Nodes Reported in Synthesis Report               ; 5000               ; 5000               ;
; Number of Inverted Registers Reported in Synthesis Report        ; 100                ; 100                ;
; Clock MUX Protection                                             ; On                 ; On                 ;
; Auto Gated Clock Conversion                                      ; Off                ; Off                ;
; Block Design Naming                                              ; Auto               ; Auto               ;
; SDC constraint protection                                        ; Off                ; Off                ;
; Synthesis Effort                                                 ; Auto               ; Auto               ;
; Shift Register Replacement - Allow Asynchronous Clear Signal     ; On                 ; On                 ;
; Pre-Mapping Resynthesis Optimization                             ; Off                ; Off                ;
; Analysis & Synthesis Message Level                               ; Medium             ; Medium             ;
; Disable Register Merging Across Hierarchies                      ; Auto               ; Auto               ;
; Resource Aware Inference For Block RAM                           ; On                 ; On                 ;
+------------------------------------------------------------------+--------------------+--------------------+


+------------------------------------------+
; Parallel Compilation                     ;
+----------------------------+-------------+
; Processors                 ; Number      ;
+----------------------------+-------------+
; Number detected on machine ; 8           ;
; Maximum allowed            ; 4           ;
;                            ;             ;
; Average used               ; 1.00        ;
; Maximum used               ; 4           ;
;                            ;             ;
; Usage by Processor         ; % Time Used ;
;     Processor 1            ; 100.0%      ;
;     Processor 2            ;   0.0%      ;
;     Processor 3            ;   0.0%      ;
;     Processor 4            ;   0.0%      ;
+----------------------------+-------------+


+----------------------------------------------------------------------------------------------------------------------------------------------------------------------------------+
; Analysis & Synthesis Source Files Read                                                                                                                                           ;
+----------------------------------+-----------------+------------------------------+------------------------------------------------------------------------------------+---------+
; File Name with User-Entered Path ; Used in Netlist ; File Type                    ; File Name with Absolute Path                                                       ; Library ;
+----------------------------------+-----------------+------------------------------+------------------------------------------------------------------------------------+---------+
; in_out_module.v                  ; yes             ; User Verilog HDL File        ; /mnt/hdlinux/Documentos/Unifesp/8semestre/LabSO/Processador/in_out_module.v        ;         ;
; disk_controller.v                ; yes             ; User Verilog HDL File        ; /mnt/hdlinux/Documentos/Unifesp/8semestre/LabSO/Processador/disk_controller.v      ;         ;
; clk_divisor.v                    ; yes             ; User Verilog HDL File        ; /mnt/hdlinux/Documentos/Unifesp/8semestre/LabSO/Processador/clk_divisor.v          ;         ;
; altsyncram.tdf                   ; yes             ; Megafunction                 ; /home/leon/intelFPGA/18.0/quartus/libraries/megafunctions/altsyncram.tdf           ;         ;
; stratix_ram_block.inc            ; yes             ; Megafunction                 ; /home/leon/intelFPGA/18.0/quartus/libraries/megafunctions/stratix_ram_block.inc    ;         ;
; lpm_mux.inc                      ; yes             ; Megafunction                 ; /home/leon/intelFPGA/18.0/quartus/libraries/megafunctions/lpm_mux.inc              ;         ;
; lpm_decode.inc                   ; yes             ; Megafunction                 ; /home/leon/intelFPGA/18.0/quartus/libraries/megafunctions/lpm_decode.inc           ;         ;
; aglobal180.inc                   ; yes             ; Megafunction                 ; /home/leon/intelFPGA/18.0/quartus/libraries/megafunctions/aglobal180.inc           ;         ;
; a_rdenreg.inc                    ; yes             ; Megafunction                 ; /home/leon/intelFPGA/18.0/quartus/libraries/megafunctions/a_rdenreg.inc            ;         ;
; altrom.inc                       ; yes             ; Megafunction                 ; /home/leon/intelFPGA/18.0/quartus/libraries/megafunctions/altrom.inc               ;         ;
; altram.inc                       ; yes             ; Megafunction                 ; /home/leon/intelFPGA/18.0/quartus/libraries/megafunctions/altram.inc               ;         ;
; altdpram.inc                     ; yes             ; Megafunction                 ; /home/leon/intelFPGA/18.0/quartus/libraries/megafunctions/altdpram.inc             ;         ;
; db/altsyncram_4pd1.tdf           ; yes             ; Auto-Generated Megafunction  ; /mnt/hdlinux/Documentos/Unifesp/8semestre/LabSO/Processador/db/altsyncram_4pd1.tdf ;         ;
+----------------------------------+-----------------+------------------------------+------------------------------------------------------------------------------------+---------+


+---------------------------------------------------------------+
; Analysis & Synthesis Resource Usage Summary                   ;
+---------------------------------------------+-----------------+
; Resource                                    ; Usage           ;
+---------------------------------------------+-----------------+
; Estimated Total logic elements              ; 988             ;
;                                             ;                 ;
; Total combinational functions               ; 986             ;
; Logic element usage by number of LUT inputs ;                 ;
;     -- 4 input functions                    ; 535             ;
;     -- 3 input functions                    ; 432             ;
;     -- <=2 input functions                  ; 19              ;
;                                             ;                 ;
; Logic elements by mode                      ;                 ;
;     -- normal mode                          ; 986             ;
;     -- arithmetic mode                      ; 0               ;
;                                             ;                 ;
; Total registers                             ; 172             ;
;     -- Dedicated logic registers            ; 172             ;
;     -- I/O registers                        ; 0               ;
;                                             ;                 ;
; I/O pins                                    ; 379             ;
; Total memory bits                           ; 480             ;
;                                             ;                 ;
; Embedded Multiplier 9-bit elements          ; 0               ;
;                                             ;                 ;
; Maximum fan-out node                        ; adress[5]~input ;
; Maximum fan-out                             ; 246             ;
; Total fan-out                               ; 5023            ;
; Average fan-out                             ; 2.58            ;
+---------------------------------------------+-----------------+


+---------------------------------------------------------------------------------------------------------------------------------------------------------------------------------------------------------------------------------------------------------------------------------------------------------------+
; Analysis & Synthesis Resource Utilization by Entity                                                                                                                                                                                                                                                           ;
+-------------------------------------------+---------------------+---------------------------+-------------+--------------+---------+-----------+------+--------------+-------------------------------------------------------------------------------------------------------+-----------------+--------------+
; Compilation Hierarchy Node                ; Combinational ALUTs ; Dedicated Logic Registers ; Memory Bits ; DSP Elements ; DSP 9x9 ; DSP 18x18 ; Pins ; Virtual Pins ; Full Hierarchy Name                                                                                   ; Entity Name     ; Library Name ;
+-------------------------------------------+---------------------+---------------------------+-------------+--------------+---------+-----------+------+--------------+-------------------------------------------------------------------------------------------------------+-----------------+--------------+
; |in_out_module                            ; 986 (986)           ; 172 (170)                 ; 480         ; 0            ; 0       ; 0         ; 379  ; 0            ; |in_out_module                                                                                        ; in_out_module   ; work         ;
;    |disk_controller:disk_controller|      ; 0 (0)               ; 2 (2)                     ; 480         ; 0            ; 0       ; 0         ; 0    ; 0            ; |in_out_module|disk_controller:disk_controller                                                        ; disk_controller ; work         ;
;       |altsyncram:values_rtl_0|           ; 0 (0)               ; 0 (0)                     ; 480         ; 0            ; 0       ; 0         ; 0    ; 0            ; |in_out_module|disk_controller:disk_controller|altsyncram:values_rtl_0                                ; altsyncram      ; work         ;
;          |altsyncram_4pd1:auto_generated| ; 0 (0)               ; 0 (0)                     ; 480         ; 0            ; 0       ; 0         ; 0    ; 0            ; |in_out_module|disk_controller:disk_controller|altsyncram:values_rtl_0|altsyncram_4pd1:auto_generated ; altsyncram_4pd1 ; work         ;
+-------------------------------------------+---------------------+---------------------------+-------------+--------------+---------+-----------+------+--------------+-------------------------------------------------------------------------------------------------------+-----------------+--------------+
Note: For table entries with two numbers listed, the numbers in parentheses indicate the number of resources of the given type used by the specific entity alone. The numbers listed outside of parentheses indicate the total resources of the given type used by the specific entity and all of its sub-entities in the hierarchy.


+-------------------------------------------------------------------------------------------------------------------------------------------------------------------------------------------------------+
; Analysis & Synthesis RAM Summary                                                                                                                                                                      ;
+---------------------------------------------------------------------------------------------------+------+------------------+--------------+--------------+--------------+--------------+------+------+
; Name                                                                                              ; Type ; Mode             ; Port A Depth ; Port A Width ; Port B Depth ; Port B Width ; Size ; MIF  ;
+---------------------------------------------------------------------------------------------------+------+------------------+--------------+--------------+--------------+--------------+------+------+
; disk_controller:disk_controller|altsyncram:values_rtl_0|altsyncram_4pd1:auto_generated|ALTSYNCRAM ; AUTO ; Simple Dual Port ; 15           ; 32           ; 15           ; 32           ; 480  ; None ;
+---------------------------------------------------------------------------------------------------+------+------------------+--------------+--------------+--------------+--------------+------+------+


Encoding Type:  One-Hot
+---------------------------------------------------------------------------------------------------------------------------------+
; State Machine - |in_out_module|input_state                                                                                      ;
+---------------------------------+------------------------------+------------------------------+---------------------------------+
; Name                            ; input_state.input_state_none ; input_state.input_state_done ; input_state.input_state_waiting ;
+---------------------------------+------------------------------+------------------------------+---------------------------------+
; input_state.input_state_none    ; 0                            ; 0                            ; 0                               ;
; input_state.input_state_waiting ; 1                            ; 0                            ; 1                               ;
; input_state.input_state_done    ; 1                            ; 1                            ; 0                               ;
+---------------------------------+------------------------------+------------------------------+---------------------------------+


Encoding Type:  One-Hot
+-----------------------------------------------------------------------------------------------------------------------------------------+
; State Machine - |in_out_module|output_state                                                                                             ;
+-----------------------------------+--------------------------------+--------------------------------+-----------------------------------+
; Name                              ; output_state.output_state_none ; output_state.output_state_done ; output_state.output_state_waiting ;
+-----------------------------------+--------------------------------+--------------------------------+-----------------------------------+
; output_state.output_state_none    ; 0                              ; 0                              ; 0                                 ;
; output_state.output_state_waiting ; 1                              ; 0                              ; 1                                 ;
; output_state.output_state_done    ; 1                              ; 1                              ; 0                                 ;
+-----------------------------------+--------------------------------+--------------------------------+-----------------------------------+


+------------------------------------------------------+
; General Register Statistics                          ;
+----------------------------------------------+-------+
; Statistic                                    ; Value ;
+----------------------------------------------+-------+
; Total registers                              ; 172   ;
; Number of registers using Synchronous Clear  ; 0     ;
; Number of registers using Synchronous Load   ; 132   ;
; Number of registers using Asynchronous Clear ; 0     ;
; Number of registers using Asynchronous Load  ; 0     ;
; Number of registers using Clock Enable       ; 140   ;
; Number of registers using Preset             ; 0     ;
+----------------------------------------------+-------+


+---------------------------------------------------------------------------------------------------------+
; Registers Packed Into Inferred Megafunctions                                                            ;
+---------------------------------------------------+----------------------------------------------+------+
; Register Name                                     ; Megafunction                                 ; Type ;
+---------------------------------------------------+----------------------------------------------+------+
; disk_controller:disk_controller|read_value[0..31] ; disk_controller:disk_controller|values_rtl_0 ; RAM  ;
+---------------------------------------------------+----------------------------------------------+------+


+----------------------------------------------------------------------------------------------------------------------------------------------+
; Multiplexer Restructuring Statistics (Restructuring Performed)                                                                               ;
+--------------------+-----------+---------------+----------------------+------------------------+------------+--------------------------------+
; Multiplexer Inputs ; Bus Width ; Baseline Area ; Area if Restructured ; Saving if Restructured ; Registered ; Example Multiplexer Output     ;
+--------------------+-----------+---------------+----------------------+------------------------+------------+--------------------------------+
; 3:1                ; 30 bits   ; 60 LEs        ; 60 LEs               ; 0 LEs                  ; Yes        ; |in_out_module|e_data[23]~reg0 ;
; 3:1                ; 15 bits   ; 30 LEs        ; 30 LEs               ; 0 LEs                  ; No         ; |in_out_module|Mux2            ;
; 3:1                ; 15 bits   ; 30 LEs        ; 30 LEs               ; 0 LEs                  ; No         ; |in_out_module|Mux2            ;
; 4:1                ; 8 bits    ; 16 LEs        ; 16 LEs               ; 0 LEs                  ; No         ; |in_out_module|Mux2            ;
; 4:1                ; 8 bits    ; 16 LEs        ; 16 LEs               ; 0 LEs                  ; No         ; |in_out_module|Mux2            ;
; 5:1                ; 2 bits    ; 6 LEs         ; 6 LEs                ; 0 LEs                  ; No         ; |in_out_module|Mux1            ;
; 5:1                ; 4 bits    ; 12 LEs        ; 8 LEs                ; 4 LEs                  ; No         ; |in_out_module|Mux2            ;
; 5:1                ; 4 bits    ; 12 LEs        ; 12 LEs               ; 0 LEs                  ; No         ; |in_out_module|Mux2            ;
; 6:1                ; 2 bits    ; 8 LEs         ; 6 LEs                ; 2 LEs                  ; No         ; |in_out_module|Mux2            ;
; 6:1                ; 2 bits    ; 8 LEs         ; 8 LEs                ; 0 LEs                  ; No         ; |in_out_module|Mux2            ;
; 6:1                ; 3 bits    ; 12 LEs        ; 6 LEs                ; 6 LEs                  ; No         ; |in_out_module|Selector131     ;
; 6:1                ; 3 bits    ; 12 LEs        ; 6 LEs                ; 6 LEs                  ; No         ; |in_out_module|Selector1       ;
+--------------------+-----------+---------------+----------------------+------------------------+------------+--------------------------------+


+---------------------------------------------------------------------------------------------------------------+
; Source assignments for disk_controller:disk_controller|altsyncram:values_rtl_0|altsyncram_4pd1:auto_generated ;
+---------------------------------+--------------------+------+-------------------------------------------------+
; Assignment                      ; Value              ; From ; To                                              ;
+---------------------------------+--------------------+------+-------------------------------------------------+
; OPTIMIZE_POWER_DURING_SYNTHESIS ; NORMAL_COMPILATION ; -    ; -                                               ;
+---------------------------------+--------------------+------+-------------------------------------------------+


+-------------------------------------------------------------------------------+
; Parameter Settings for User Entity Instance: Top-level Entity: |in_out_module ;
+----------------------+-------+------------------------------------------------+
; Parameter Name       ; Value ; Type                                           ;
+----------------------+-------+------------------------------------------------+
; output_state_none    ; 00    ; Unsigned Binary                                ;
; output_state_waiting ; 01    ; Unsigned Binary                                ;
; output_state_done    ; 10    ; Unsigned Binary                                ;
; input_state_none     ; 00    ; Unsigned Binary                                ;
; input_state_waiting  ; 01    ; Unsigned Binary                                ;
; input_state_done     ; 10    ; Unsigned Binary                                ;
; disk_clk_high_time   ; 010   ; Unsigned Binary                                ;
; disk_clk_low_time    ; 010   ; Unsigned Binary                                ;
+----------------------+-------+------------------------------------------------+
Note: In order to hide this table in the UI and the text report file, please set the "Show Parameter Settings in Synthesis Report" option in "Analysis and Synthesis Settings -> More Settings" to "Off".


+----------------------------------------------------------------------+
; Parameter Settings for User Entity Instance: clk_divisor:clk_divisor ;
+----------------+-------+---------------------------------------------+
; Parameter Name ; Value ; Type                                        ;
+----------------+-------+---------------------------------------------+
; um             ; 001   ; Unsigned Binary                             ;
; zero           ; 000   ; Unsigned Binary                             ;
+----------------+-------+---------------------------------------------+
Note: In order to hide this table in the UI and the text report file, please set the "Show Parameter Settings in Synthesis Report" option in "Analysis and Synthesis Settings -> More Settings" to "Off".


+----------------------------------------------------------------------------------------------------------+
; Parameter Settings for Inferred Entity Instance: disk_controller:disk_controller|altsyncram:values_rtl_0 ;
+------------------------------------+----------------------+----------------------------------------------+
; Parameter Name                     ; Value                ; Type                                         ;
+------------------------------------+----------------------+----------------------------------------------+
; BYTE_SIZE_BLOCK                    ; 8                    ; Untyped                                      ;
; AUTO_CARRY_CHAINS                  ; ON                   ; AUTO_CARRY                                   ;
; IGNORE_CARRY_BUFFERS               ; OFF                  ; IGNORE_CARRY                                 ;
; AUTO_CASCADE_CHAINS                ; ON                   ; AUTO_CASCADE                                 ;
; IGNORE_CASCADE_BUFFERS             ; OFF                  ; IGNORE_CASCADE                               ;
; WIDTH_BYTEENA                      ; 1                    ; Untyped                                      ;
; OPERATION_MODE                     ; DUAL_PORT            ; Untyped                                      ;
; WIDTH_A                            ; 32                   ; Untyped                                      ;
; WIDTHAD_A                          ; 4                    ; Untyped                                      ;
; NUMWORDS_A                         ; 15                   ; Untyped                                      ;
; OUTDATA_REG_A                      ; UNREGISTERED         ; Untyped                                      ;
; ADDRESS_ACLR_A                     ; NONE                 ; Untyped                                      ;
; OUTDATA_ACLR_A                     ; NONE                 ; Untyped                                      ;
; WRCONTROL_ACLR_A                   ; NONE                 ; Untyped                                      ;
; INDATA_ACLR_A                      ; NONE                 ; Untyped                                      ;
; BYTEENA_ACLR_A                     ; NONE                 ; Untyped                                      ;
; WIDTH_B                            ; 32                   ; Untyped                                      ;
; WIDTHAD_B                          ; 4                    ; Untyped                                      ;
; NUMWORDS_B                         ; 15                   ; Untyped                                      ;
; INDATA_REG_B                       ; CLOCK1               ; Untyped                                      ;
; WRCONTROL_WRADDRESS_REG_B          ; CLOCK1               ; Untyped                                      ;
; RDCONTROL_REG_B                    ; CLOCK1               ; Untyped                                      ;
; ADDRESS_REG_B                      ; CLOCK1               ; Untyped                                      ;
; OUTDATA_REG_B                      ; UNREGISTERED         ; Untyped                                      ;
; BYTEENA_REG_B                      ; CLOCK1               ; Untyped                                      ;
; INDATA_ACLR_B                      ; NONE                 ; Untyped                                      ;
; WRCONTROL_ACLR_B                   ; NONE                 ; Untyped                                      ;
; ADDRESS_ACLR_B                     ; NONE                 ; Untyped                                      ;
; OUTDATA_ACLR_B                     ; NONE                 ; Untyped                                      ;
; RDCONTROL_ACLR_B                   ; NONE                 ; Untyped                                      ;
; BYTEENA_ACLR_B                     ; NONE                 ; Untyped                                      ;
; WIDTH_BYTEENA_A                    ; 1                    ; Untyped                                      ;
; WIDTH_BYTEENA_B                    ; 1                    ; Untyped                                      ;
; RAM_BLOCK_TYPE                     ; AUTO                 ; Untyped                                      ;
; BYTE_SIZE                          ; 8                    ; Untyped                                      ;
; READ_DURING_WRITE_MODE_MIXED_PORTS ; DONT_CARE            ; Untyped                                      ;
; READ_DURING_WRITE_MODE_PORT_A      ; NEW_DATA_NO_NBE_READ ; Untyped                                      ;
; READ_DURING_WRITE_MODE_PORT_B      ; NEW_DATA_NO_NBE_READ ; Untyped                                      ;
; INIT_FILE                          ; UNUSED               ; Untyped                                      ;
; INIT_FILE_LAYOUT                   ; PORT_A               ; Untyped                                      ;
; MAXIMUM_DEPTH                      ; 0                    ; Untyped                                      ;
; CLOCK_ENABLE_INPUT_A               ; NORMAL               ; Untyped                                      ;
; CLOCK_ENABLE_INPUT_B               ; NORMAL               ; Untyped                                      ;
; CLOCK_ENABLE_OUTPUT_A              ; NORMAL               ; Untyped                                      ;
; CLOCK_ENABLE_OUTPUT_B              ; NORMAL               ; Untyped                                      ;
; CLOCK_ENABLE_CORE_A                ; USE_INPUT_CLKEN      ; Untyped                                      ;
; CLOCK_ENABLE_CORE_B                ; USE_INPUT_CLKEN      ; Untyped                                      ;
; ENABLE_ECC                         ; FALSE                ; Untyped                                      ;
; ECC_PIPELINE_STAGE_ENABLED         ; FALSE                ; Untyped                                      ;
; WIDTH_ECCSTATUS                    ; 3                    ; Untyped                                      ;
; DEVICE_FAMILY                      ; Cyclone IV E         ; Untyped                                      ;
; CBXI_PARAMETER                     ; altsyncram_4pd1      ; Untyped                                      ;
+------------------------------------+----------------------+----------------------------------------------+
Note: In order to hide this table in the UI and the text report file, please set the "Show Parameter Settings in Synthesis Report" option in "Analysis and Synthesis Settings -> More Settings" to "Off".


+-----------------------------------------------------------------------------------------------------+
; altsyncram Parameter Settings by Entity Instance                                                    ;
+-------------------------------------------+---------------------------------------------------------+
; Name                                      ; Value                                                   ;
+-------------------------------------------+---------------------------------------------------------+
; Number of entity instances                ; 1                                                       ;
; Entity Instance                           ; disk_controller:disk_controller|altsyncram:values_rtl_0 ;
;     -- OPERATION_MODE                     ; DUAL_PORT                                               ;
;     -- WIDTH_A                            ; 32                                                      ;
;     -- NUMWORDS_A                         ; 15                                                      ;
;     -- OUTDATA_REG_A                      ; UNREGISTERED                                            ;
;     -- WIDTH_B                            ; 32                                                      ;
;     -- NUMWORDS_B                         ; 15                                                      ;
;     -- ADDRESS_REG_B                      ; CLOCK1                                                  ;
;     -- OUTDATA_REG_B                      ; UNREGISTERED                                            ;
;     -- RAM_BLOCK_TYPE                     ; AUTO                                                    ;
;     -- READ_DURING_WRITE_MODE_MIXED_PORTS ; DONT_CARE                                               ;
+-------------------------------------------+---------------------------------------------------------+


+------------------------------------------------------------------------------------------------------------------------+
; Port Connectivity Checks: "clk_divisor:clk_divisor"                                                                    ;
+--------------+--------+----------+-------------------------------------------------------------------------------------+
; Port         ; Type   ; Severity ; Details                                                                             ;
+--------------+--------+----------+-------------------------------------------------------------------------------------+
; low_time[2]  ; Input  ; Info     ; Stuck at GND                                                                        ;
; low_time[1]  ; Input  ; Info     ; Stuck at VCC                                                                        ;
; low_time[0]  ; Input  ; Info     ; Stuck at GND                                                                        ;
; high_time[2] ; Input  ; Info     ; Stuck at GND                                                                        ;
; high_time[1] ; Input  ; Info     ; Stuck at VCC                                                                        ;
; high_time[0] ; Input  ; Info     ; Stuck at GND                                                                        ;
; out_clk      ; Output ; Info     ; Connected to dangling logic. Logic that only feeds a dangling port will be removed. ;
+--------------+--------+----------+-------------------------------------------------------------------------------------+


+-----------------------------------------------------+
; Post-Synthesis Netlist Statistics for Top Partition ;
+-----------------------+-----------------------------+
; Type                  ; Count                       ;
+-----------------------+-----------------------------+
; boundary_port         ; 379                         ;
; cycloneiii_ff         ; 172                         ;
;     ENA               ; 8                           ;
;     ENA SLD           ; 132                         ;
;     plain             ; 32                          ;
; cycloneiii_lcell_comb ; 986                         ;
;     normal            ; 986                         ;
;         2 data inputs ; 19                          ;
;         3 data inputs ; 432                         ;
;         4 data inputs ; 535                         ;
; cycloneiii_ram_block  ; 32                          ;
;                       ;                             ;
; Max LUT depth         ; 9.00                        ;
; Average LUT depth     ; 5.18                        ;
+-----------------------+-----------------------------+


+-------------------------------+
; Elapsed Time Per Partition    ;
+----------------+--------------+
; Partition Name ; Elapsed Time ;
+----------------+--------------+
; Top            ; 00:00:03     ;
+----------------+--------------+


+-------------------------------+
; Analysis & Synthesis Messages ;
+-------------------------------+
Info: *******************************************************************
Info: Running Quartus Prime Analysis & Synthesis
    Info: Version 18.0.0 Build 614 04/24/2018 SJ Lite Edition
    Info: Processing started: Wed Feb 17 18:45:48 2021
Info: Command: quartus_map --read_settings_files=on --write_settings_files=off processador -c processador
Warning (18236): Number of processors has not been specified which may cause overloading on shared machines.  Set the global assignment NUM_PARALLEL_PROCESSORS in your QSF to an appropriate value for best performance.
Info (20030): Parallel compilation is enabled and will use 4 of the 4 processors detected
Info (12021): Found 1 design units, including 1 entities, in source file saida_display.v
    Info (12023): Found entity 1: saida_display File: /mnt/hdlinux/Documentos/Unifesp/8semestre/LabSO/Processador/saida_display.v Line: 1
Info (12021): Found 1 design units, including 1 entities, in source file display.v
    Info (12023): Found entity 1: display File: /mnt/hdlinux/Documentos/Unifesp/8semestre/LabSO/Processador/display.v Line: 1
Info (12021): Found 1 design units, including 1 entities, in source file byte_to_bcd.v
    Info (12023): Found entity 1: byte_to_bcd File: /mnt/hdlinux/Documentos/Unifesp/8semestre/LabSO/Processador/byte_to_bcd.v Line: 1
Info (12021): Found 1 design units, including 1 entities, in source file alu.v
    Info (12023): Found entity 1: alu File: /mnt/hdlinux/Documentos/Unifesp/8semestre/LabSO/Processador/alu.v Line: 1
Info (12021): Found 1 design units, including 1 entities, in source file bc_registers.v
    Info (12023): Found entity 1: bc_registers File: /mnt/hdlinux/Documentos/Unifesp/8semestre/LabSO/Processador/bc_registers.v Line: 1
Info (12021): Found 1 design units, including 1 entities, in source file mux_rd.v
    Info (12023): Found entity 1: mux_rd File: /mnt/hdlinux/Documentos/Unifesp/8semestre/LabSO/Processador/mux_rd.v Line: 1
Info (12021): Found 1 design units, including 1 entities, in source file mux_wd.v
    Info (12023): Found entity 1: mux_wd File: /mnt/hdlinux/Documentos/Unifesp/8semestre/LabSO/Processador/mux_wd.v Line: 1
Info (12021): Found 1 design units, including 1 entities, in source file mux_op_b.v
    Info (12023): Found entity 1: mux_op_b File: /mnt/hdlinux/Documentos/Unifesp/8semestre/LabSO/Processador/mux_op_b.v Line: 1
Info (12021): Found 1 design units, including 1 entities, in source file in_out_module.v
    Info (12023): Found entity 1: in_out_module File: /mnt/hdlinux/Documentos/Unifesp/8semestre/LabSO/Processador/in_out_module.v Line: 1
Info (12021): Found 1 design units, including 1 entities, in source file data_inst.v
    Info (12023): Found entity 1: data_inst File: /mnt/hdlinux/Documentos/Unifesp/8semestre/LabSO/Processador/data_inst.v Line: 1
Info (12021): Found 1 design units, including 1 entities, in source file memory.v
    Info (12023): Found entity 1: memory File: /mnt/hdlinux/Documentos/Unifesp/8semestre/LabSO/Processador/memory.v Line: 1
Info (12021): Found 1 design units, including 1 entities, in source file udcpc.v
    Info (12023): Found entity 1: udcpc File: /mnt/hdlinux/Documentos/Unifesp/8semestre/LabSO/Processador/udcpc.v Line: 1
Info (12021): Found 1 design units, including 1 entities, in source file unit_process.v
    Info (12023): Found entity 1: unit_process File: /mnt/hdlinux/Documentos/Unifesp/8semestre/LabSO/Processador/unit_process.v Line: 1
Info (12021): Found 1 design units, including 1 entities, in source file unit_control.v
    Info (12023): Found entity 1: unit_control File: /mnt/hdlinux/Documentos/Unifesp/8semestre/LabSO/Processador/unit_control.v Line: 1
Info (12021): Found 1 design units, including 1 entities, in source file processador.v
    Info (12023): Found entity 1: processador File: /mnt/hdlinux/Documentos/Unifesp/8semestre/LabSO/Processador/processador.v Line: 1
Info (12021): Found 1 design units, including 1 entities, in source file press_button.v
    Info (12023): Found entity 1: press_button File: /mnt/hdlinux/Documentos/Unifesp/8semestre/LabSO/Processador/press_button.v Line: 1
Info (12021): Found 1 design units, including 1 entities, in source file apresentacao.v
    Info (12023): Found entity 1: apresentacao File: /mnt/hdlinux/Documentos/Unifesp/8semestre/LabSO/Processador/apresentacao.v Line: 1
Info (12021): Found 1 design units, including 1 entities, in source file bios_module.v
    Info (12023): Found entity 1: bios_module File: /mnt/hdlinux/Documentos/Unifesp/8semestre/LabSO/Processador/bios_module.v Line: 1
Info (12021): Found 1 design units, including 1 entities, in source file disk_controller.v
    Info (12023): Found entity 1: disk_controller File: /mnt/hdlinux/Documentos/Unifesp/8semestre/LabSO/Processador/disk_controller.v Line: 1
Info (12021): Found 1 design units, including 1 entities, in source file clk_divisor.v
    Info (12023): Found entity 1: clk_divisor File: /mnt/hdlinux/Documentos/Unifesp/8semestre/LabSO/Processador/clk_divisor.v Line: 1
Info (12021): Found 1 design units, including 1 entities, in source file machine.v
    Info (12023): Found entity 1: machine File: /mnt/hdlinux/Documentos/Unifesp/8semestre/LabSO/Processador/machine.v Line: 1
Info (12127): Elaborating entity "in_out_module" for the top level hierarchy
Info (12128): Elaborating entity "disk_controller" for hierarchy "disk_controller:disk_controller" File: /mnt/hdlinux/Documentos/Unifesp/8semestre/LabSO/Processador/in_out_module.v Line: 54
Info (12128): Elaborating entity "clk_divisor" for hierarchy "clk_divisor:clk_divisor" File: /mnt/hdlinux/Documentos/Unifesp/8semestre/LabSO/Processador/in_out_module.v Line: 64
Warning (276027): Inferred dual-clock RAM node "disk_controller:disk_controller|values_rtl_0" from synchronous design logic.  The read-during-write behavior of a dual-clock RAM is undefined and may not match the behavior of the original design.
Info (19000): Inferred 1 megafunctions from design logic
    Info (276029): Inferred altsyncram megafunction from the following design logic: "disk_controller:disk_controller|values_rtl_0" 
        Info (286033): Parameter OPERATION_MODE set to DUAL_PORT
        Info (286033): Parameter WIDTH_A set to 32
        Info (286033): Parameter WIDTHAD_A set to 4
        Info (286033): Parameter NUMWORDS_A set to 15
        Info (286033): Parameter WIDTH_B set to 32
        Info (286033): Parameter WIDTHAD_B set to 4
        Info (286033): Parameter NUMWORDS_B set to 15
        Info (286033): Parameter ADDRESS_ACLR_A set to NONE
        Info (286033): Parameter OUTDATA_REG_B set to UNREGISTERED
        Info (286033): Parameter ADDRESS_ACLR_B set to NONE
        Info (286033): Parameter OUTDATA_ACLR_B set to NONE
        Info (286033): Parameter ADDRESS_REG_B set to CLOCK1
        Info (286033): Parameter INDATA_ACLR_A set to NONE
        Info (286033): Parameter WRCONTROL_ACLR_A set to NONE
Info (12130): Elaborated megafunction instantiation "disk_controller:disk_controller|altsyncram:values_rtl_0"
Info (12133): Instantiated megafunction "disk_controller:disk_controller|altsyncram:values_rtl_0" with the following parameter:
    Info (12134): Parameter "OPERATION_MODE" = "DUAL_PORT"
    Info (12134): Parameter "WIDTH_A" = "32"
    Info (12134): Parameter "WIDTHAD_A" = "4"
    Info (12134): Parameter "NUMWORDS_A" = "15"
    Info (12134): Parameter "WIDTH_B" = "32"
    Info (12134): Parameter "WIDTHAD_B" = "4"
    Info (12134): Parameter "NUMWORDS_B" = "15"
    Info (12134): Parameter "ADDRESS_ACLR_A" = "NONE"
    Info (12134): Parameter "OUTDATA_REG_B" = "UNREGISTERED"
    Info (12134): Parameter "ADDRESS_ACLR_B" = "NONE"
    Info (12134): Parameter "OUTDATA_ACLR_B" = "NONE"
    Info (12134): Parameter "ADDRESS_REG_B" = "CLOCK1"
    Info (12134): Parameter "INDATA_ACLR_A" = "NONE"
    Info (12134): Parameter "WRCONTROL_ACLR_A" = "NONE"
Info (12021): Found 1 design units, including 1 entities, in source file db/altsyncram_4pd1.tdf
    Info (12023): Found entity 1: altsyncram_4pd1 File: /mnt/hdlinux/Documentos/Unifesp/8semestre/LabSO/Processador/db/altsyncram_4pd1.tdf Line: 27
Info (286030): Timing-Driven Synthesis is running
Info (144001): Generated suppressed messages file /mnt/hdlinux/Documentos/Unifesp/8semestre/LabSO/Processador/output_files/processador.map.smsg
Info (16010): Generating hard_block partition "hard_block:auto_generated_inst"
    Info (16011): Adding 0 node(s), including 0 DDIO, 0 PLL, 0 transceiver and 0 LCELL
Warning (21074): Design contains 28 input pin(s) that do not drive logic
    Warning (15610): No output dependent on input pin "drs[4]" File: /mnt/hdlinux/Documentos/Unifesp/8semestre/LabSO/Processador/in_out_module.v Line: 3
    Warning (15610): No output dependent on input pin "drs[5]" File: /mnt/hdlinux/Documentos/Unifesp/8semestre/LabSO/Processador/in_out_module.v Line: 3
    Warning (15610): No output dependent on input pin "drs[6]" File: /mnt/hdlinux/Documentos/Unifesp/8semestre/LabSO/Processador/in_out_module.v Line: 3
    Warning (15610): No output dependent on input pin "drs[7]" File: /mnt/hdlinux/Documentos/Unifesp/8semestre/LabSO/Processador/in_out_module.v Line: 3
    Warning (15610): No output dependent on input pin "drs[8]" File: /mnt/hdlinux/Documentos/Unifesp/8semestre/LabSO/Processador/in_out_module.v Line: 3
    Warning (15610): No output dependent on input pin "drs[9]" File: /mnt/hdlinux/Documentos/Unifesp/8semestre/LabSO/Processador/in_out_module.v Line: 3
    Warning (15610): No output dependent on input pin "drs[10]" File: /mnt/hdlinux/Documentos/Unifesp/8semestre/LabSO/Processador/in_out_module.v Line: 3
    Warning (15610): No output dependent on input pin "drs[11]" File: /mnt/hdlinux/Documentos/Unifesp/8semestre/LabSO/Processador/in_out_module.v Line: 3
    Warning (15610): No output dependent on input pin "drs[12]" File: /mnt/hdlinux/Documentos/Unifesp/8semestre/LabSO/Processador/in_out_module.v Line: 3
    Warning (15610): No output dependent on input pin "drs[13]" File: /mnt/hdlinux/Documentos/Unifesp/8semestre/LabSO/Processador/in_out_module.v Line: 3
    Warning (15610): No output dependent on input pin "drs[14]" File: /mnt/hdlinux/Documentos/Unifesp/8semestre/LabSO/Processador/in_out_module.v Line: 3
    Warning (15610): No output dependent on input pin "drs[15]" File: /mnt/hdlinux/Documentos/Unifesp/8semestre/LabSO/Processador/in_out_module.v Line: 3
    Warning (15610): No output dependent on input pin "drs[16]" File: /mnt/hdlinux/Documentos/Unifesp/8semestre/LabSO/Processador/in_out_module.v Line: 3
    Warning (15610): No output dependent on input pin "drs[17]" File: /mnt/hdlinux/Documentos/Unifesp/8semestre/LabSO/Processador/in_out_module.v Line: 3
    Warning (15610): No output dependent on input pin "drs[18]" File: /mnt/hdlinux/Documentos/Unifesp/8semestre/LabSO/Processador/in_out_module.v Line: 3
    Warning (15610): No output dependent on input pin "drs[19]" File: /mnt/hdlinux/Documentos/Unifesp/8semestre/LabSO/Processador/in_out_module.v Line: 3
    Warning (15610): No output dependent on input pin "drs[20]" File: /mnt/hdlinux/Documentos/Unifesp/8semestre/LabSO/Processador/in_out_module.v Line: 3
    Warning (15610): No output dependent on input pin "drs[21]" File: /mnt/hdlinux/Documentos/Unifesp/8semestre/LabSO/Processador/in_out_module.v Line: 3
    Warning (15610): No output dependent on input pin "drs[22]" File: /mnt/hdlinux/Documentos/Unifesp/8semestre/LabSO/Processador/in_out_module.v Line: 3
    Warning (15610): No output dependent on input pin "drs[23]" File: /mnt/hdlinux/Documentos/Unifesp/8semestre/LabSO/Processador/in_out_module.v Line: 3
    Warning (15610): No output dependent on input pin "drs[24]" File: /mnt/hdlinux/Documentos/Unifesp/8semestre/LabSO/Processador/in_out_module.v Line: 3
    Warning (15610): No output dependent on input pin "drs[25]" File: /mnt/hdlinux/Documentos/Unifesp/8semestre/LabSO/Processador/in_out_module.v Line: 3
    Warning (15610): No output dependent on input pin "drs[26]" File: /mnt/hdlinux/Documentos/Unifesp/8semestre/LabSO/Processador/in_out_module.v Line: 3
    Warning (15610): No output dependent on input pin "drs[27]" File: /mnt/hdlinux/Documentos/Unifesp/8semestre/LabSO/Processador/in_out_module.v Line: 3
    Warning (15610): No output dependent on input pin "drs[28]" File: /mnt/hdlinux/Documentos/Unifesp/8semestre/LabSO/Processador/in_out_module.v Line: 3
    Warning (15610): No output dependent on input pin "drs[29]" File: /mnt/hdlinux/Documentos/Unifesp/8semestre/LabSO/Processador/in_out_module.v Line: 3
    Warning (15610): No output dependent on input pin "drs[30]" File: /mnt/hdlinux/Documentos/Unifesp/8semestre/LabSO/Processador/in_out_module.v Line: 3
    Warning (15610): No output dependent on input pin "drs[31]" File: /mnt/hdlinux/Documentos/Unifesp/8semestre/LabSO/Processador/in_out_module.v Line: 3
Info (21057): Implemented 1407 device resources after synthesis - the final resource count might be different
    Info (21058): Implemented 213 input pins
    Info (21059): Implemented 166 output pins
    Info (21061): Implemented 996 logic cells
    Info (21064): Implemented 32 RAM segments
Info: Quartus Prime Analysis & Synthesis was successful. 0 errors, 31 warnings
    Info: Peak virtual memory: 1015 megabytes
    Info: Processing ended: Wed Feb 17 18:46:01 2021
    Info: Elapsed time: 00:00:13
    Info: Total CPU time (on all processors): 00:00:27


+------------------------------------------+
; Analysis & Synthesis Suppressed Messages ;
+------------------------------------------+
The suppressed messages can be found in /mnt/hdlinux/Documentos/Unifesp/8semestre/LabSO/Processador/output_files/processador.map.smsg.


