------------------------------------------------------------
Timing Analyzer Summary
------------------------------------------------------------

Type  : Slow 1200mV 85C Model Setup 'clk'
Slack : -132.679
TNS   : -37791.132

Type  : Slow 1200mV 85C Model Setup 'machine:machine|processador:processador|unit_process:unit_process|in_out_module:in_out_module|clk_divisor:clk_divisor|high'
Slack : -7.013
TNS   : -1614.045

Type  : Slow 1200mV 85C Model Hold 'clk'
Slack : 0.385
TNS   : 0.000

Type  : Slow 1200mV 85C Model Hold 'machine:machine|processador:processador|unit_process:unit_process|in_out_module:in_out_module|clk_divisor:clk_divisor|high'
Slack : 0.854
TNS   : 0.000

Type  : Slow 1200mV 85C Model Minimum Pulse Width 'clk'
Slack : -3.000
TNS   : -2732.089

Type  : Slow 1200mV 85C Model Minimum Pulse Width 'machine:machine|processador:processador|unit_process:unit_process|in_out_module:in_out_module|clk_divisor:clk_divisor|high'
Slack : -2.693
TNS   : -1146.289

Type  : Slow 1200mV 0C Model Setup 'clk'
Slack : -119.716
TNS   : -34537.219

Type  : Slow 1200mV 0C Model Setup 'machine:machine|processador:processador|unit_process:unit_process|in_out_module:in_out_module|clk_divisor:clk_divisor|high'
Slack : -6.509
TNS   : -1458.370

Type  : Slow 1200mV 0C Model Hold 'clk'
Slack : 0.338
TNS   : 0.000

Type  : Slow 1200mV 0C Model Hold 'machine:machine|processador:processador|unit_process:unit_process|in_out_module:in_out_module|clk_divisor:clk_divisor|high'
Slack : 0.812
TNS   : 0.000

Type  : Slow 1200mV 0C Model Minimum Pulse Width 'clk'
Slack : -3.000
TNS   : -2722.717

Type  : Slow 1200mV 0C Model Minimum Pulse Width 'machine:machine|processador:processador|unit_process:unit_process|in_out_module:in_out_module|clk_divisor:clk_divisor|high'
Slack : -2.649
TNS   : -1128.337

Type  : Fast 1200mV 0C Model Setup 'clk'
Slack : -65.742
TNS   : -18745.395

Type  : Fast 1200mV 0C Model Setup 'machine:machine|processador:processador|unit_process:unit_process|in_out_module:in_out_module|clk_divisor:clk_divisor|high'
Slack : -3.485
TNS   : -891.488

Type  : Fast 1200mV 0C Model Hold 'clk'
Slack : 0.173
TNS   : 0.000

Type  : Fast 1200mV 0C Model Hold 'machine:machine|processador:processador|unit_process:unit_process|in_out_module:in_out_module|clk_divisor:clk_divisor|high'
Slack : 0.397
TNS   : 0.000

Type  : Fast 1200mV 0C Model Minimum Pulse Width 'clk'
Slack : -3.000
TNS   : -1942.717

Type  : Fast 1200mV 0C Model Minimum Pulse Width 'machine:machine|processador:processador|unit_process:unit_process|in_out_module:in_out_module|clk_divisor:clk_divisor|high'
Slack : -1.000
TNS   : -445.000

------------------------------------------------------------
