------------------------------------------------------------
Timing Analyzer Summary
------------------------------------------------------------

Type  : Slow 1200mV 85C Model Setup 'process_clk'
Slack : -126.970
TNS   : -37141.717

Type  : Slow 1200mV 85C Model Setup 'machine:machine|processador:processador|unit_process:unit_process|in_out_module:in_out_module|clk_divisor:clk_divisor|high'
Slack : -6.511
TNS   : -1420.032

Type  : Slow 1200mV 85C Model Setup 'clk'
Slack : -0.574
TNS   : -0.574

Type  : Slow 1200mV 85C Model Hold 'process_clk'
Slack : 0.385
TNS   : 0.000

Type  : Slow 1200mV 85C Model Hold 'clk'
Slack : 0.460
TNS   : 0.000

Type  : Slow 1200mV 85C Model Hold 'machine:machine|processador:processador|unit_process:unit_process|in_out_module:in_out_module|clk_divisor:clk_divisor|high'
Slack : 0.641
TNS   : 0.000

Type  : Slow 1200mV 85C Model Minimum Pulse Width 'process_clk'
Slack : -3.000
TNS   : -2730.374

Type  : Slow 1200mV 85C Model Minimum Pulse Width 'clk'
Slack : -3.000
TNS   : -4.285

Type  : Slow 1200mV 85C Model Minimum Pulse Width 'machine:machine|processador:processador|unit_process:unit_process|in_out_module:in_out_module|clk_divisor:clk_divisor|high'
Slack : -2.693
TNS   : -1146.289

Type  : Slow 1200mV 0C Model Setup 'process_clk'
Slack : -114.524
TNS   : -33909.229

Type  : Slow 1200mV 0C Model Setup 'machine:machine|processador:processador|unit_process:unit_process|in_out_module:in_out_module|clk_divisor:clk_divisor|high'
Slack : -5.816
TNS   : -1263.768

Type  : Slow 1200mV 0C Model Setup 'clk'
Slack : -0.452
TNS   : -0.452

Type  : Slow 1200mV 0C Model Hold 'process_clk'
Slack : 0.337
TNS   : 0.000

Type  : Slow 1200mV 0C Model Hold 'clk'
Slack : 0.390
TNS   : 0.000

Type  : Slow 1200mV 0C Model Hold 'machine:machine|processador:processador|unit_process:unit_process|in_out_module:in_out_module|clk_divisor:clk_divisor|high'
Slack : 0.588
TNS   : 0.000

Type  : Slow 1200mV 0C Model Minimum Pulse Width 'process_clk'
Slack : -3.000
TNS   : -2721.002

Type  : Slow 1200mV 0C Model Minimum Pulse Width 'clk'
Slack : -3.000
TNS   : -4.285

Type  : Slow 1200mV 0C Model Minimum Pulse Width 'machine:machine|processador:processador|unit_process:unit_process|in_out_module:in_out_module|clk_divisor:clk_divisor|high'
Slack : -2.649
TNS   : -1128.337

Type  : Fast 1200mV 0C Model Setup 'process_clk'
Slack : -62.551
TNS   : -17843.551

Type  : Fast 1200mV 0C Model Setup 'machine:machine|processador:processador|unit_process:unit_process|in_out_module:in_out_module|clk_divisor:clk_divisor|high'
Slack : -2.854
TNS   : -634.726

Type  : Fast 1200mV 0C Model Setup 'clk'
Slack : 0.015
TNS   : 0.000

Type  : Fast 1200mV 0C Model Hold 'clk'
Slack : 0.163
TNS   : 0.000

Type  : Fast 1200mV 0C Model Hold 'process_clk'
Slack : 0.173
TNS   : 0.000

Type  : Fast 1200mV 0C Model Hold 'machine:machine|processador:processador|unit_process:unit_process|in_out_module:in_out_module|clk_divisor:clk_divisor|high'
Slack : 0.245
TNS   : 0.000

Type  : Fast 1200mV 0C Model Minimum Pulse Width 'clk'
Slack : -3.000
TNS   : -4.043

Type  : Fast 1200mV 0C Model Minimum Pulse Width 'process_clk'
Slack : -1.000
TNS   : -1806.000

Type  : Fast 1200mV 0C Model Minimum Pulse Width 'machine:machine|processador:processador|unit_process:unit_process|in_out_module:in_out_module|clk_divisor:clk_divisor|high'
Slack : -1.000
TNS   : -445.000

------------------------------------------------------------
