------------------------------------------------------------
Timing Analyzer Summary
------------------------------------------------------------

Type  : Slow 1200mV 85C Model Setup 'clk'
Slack : -126.891
TNS   : -37912.093

Type  : Slow 1200mV 85C Model Setup 'machine:machine|processador:processador|unit_process:unit_process|in_out_module:in_out_module|clk_divisor:clk_divisor|high'
Slack : -6.758
TNS   : -1584.399

Type  : Slow 1200mV 85C Model Hold 'clk'
Slack : 0.384
TNS   : 0.000

Type  : Slow 1200mV 85C Model Hold 'machine:machine|processador:processador|unit_process:unit_process|in_out_module:in_out_module|clk_divisor:clk_divisor|high'
Slack : 0.483
TNS   : 0.000

Type  : Slow 1200mV 85C Model Minimum Pulse Width 'clk'
Slack : -3.000
TNS   : -2732.089

Type  : Slow 1200mV 85C Model Minimum Pulse Width 'machine:machine|processador:processador|unit_process:unit_process|in_out_module:in_out_module|clk_divisor:clk_divisor|high'
Slack : -2.693
TNS   : -1146.289

Type  : Slow 1200mV 0C Model Setup 'clk'
Slack : -114.291
TNS   : -34567.064

Type  : Slow 1200mV 0C Model Setup 'machine:machine|processador:processador|unit_process:unit_process|in_out_module:in_out_module|clk_divisor:clk_divisor|high'
Slack : -6.217
TNS   : -1426.979

Type  : Slow 1200mV 0C Model Hold 'clk'
Slack : 0.337
TNS   : 0.000

Type  : Slow 1200mV 0C Model Hold 'machine:machine|processador:processador|unit_process:unit_process|in_out_module:in_out_module|clk_divisor:clk_divisor|high'
Slack : 0.503
TNS   : 0.000

Type  : Slow 1200mV 0C Model Minimum Pulse Width 'clk'
Slack : -3.000
TNS   : -2722.717

Type  : Slow 1200mV 0C Model Minimum Pulse Width 'machine:machine|processador:processador|unit_process:unit_process|in_out_module:in_out_module|clk_divisor:clk_divisor|high'
Slack : -2.649
TNS   : -1128.337

Type  : Fast 1200mV 0C Model Setup 'clk'
Slack : -62.566
TNS   : -18559.483

Type  : Fast 1200mV 0C Model Setup 'machine:machine|processador:processador|unit_process:unit_process|in_out_module:in_out_module|clk_divisor:clk_divisor|high'
Slack : -3.346
TNS   : -874.518

Type  : Fast 1200mV 0C Model Hold 'clk'
Slack : 0.172
TNS   : 0.000

Type  : Fast 1200mV 0C Model Hold 'machine:machine|processador:processador|unit_process:unit_process|in_out_module:in_out_module|clk_divisor:clk_divisor|high'
Slack : 0.305
TNS   : 0.000

Type  : Fast 1200mV 0C Model Minimum Pulse Width 'clk'
Slack : -3.000
TNS   : -1942.635

Type  : Fast 1200mV 0C Model Minimum Pulse Width 'machine:machine|processador:processador|unit_process:unit_process|in_out_module:in_out_module|clk_divisor:clk_divisor|high'
Slack : -1.000
TNS   : -445.000

------------------------------------------------------------
